// Jest Snapshot v1, https://goo.gl/fbAQLP

exports[`Video Component renders correctly 1`] = `
Object {
  "asFragment": [Function],
  "baseElement": <body>
    <div>
      <div
        class="video_grid"
        data-testid="video_grid"
      >
        <div
          class="video_preview"
        >
          <div
            class="video_image"
          >
            <img
              class="video_preview_image"
            />
            <div
              class="video_timestamp"
            >
              <span>
                8
                :
                17
              </span>
            </div>
          </div>
          <div
            class="video_info"
          >
            <div
              class="video_channel_logo"
            >
              CH
            </div>
            <div>
              <div
                class="video_info_title"
                title="title 1"
              />
              <div
                class="video_basic_info"
              >
                <div
                  class="video_channel"
                >
                  channel 1
                </div>
                <div
                  class="video_view_time"
                >
                  3
                  k views ● 
                  NaN days ago
                </div>
              </div>
            </div>
          </div>
        </div>
        <div
          class="video_preview"
        >
          <div
            class="video_image"
          >
            <img
              class="video_preview_image"
            />
            <div
              class="video_timestamp"
            >
              <span>
                8
                :
                17
              </span>
            </div>
          </div>
          <div
            class="video_info"
          >
            <div
              class="video_channel_logo"
            >
              CH
            </div>
            <div>
              <div
                class="video_info_title"
                title="title 2"
              />
              <div
                class="video_basic_info"
              >
                <div
                  class="video_channel"
                >
                  channel 2
                </div>
                <div
                  class="video_view_time"
                >
                  3
                  k views ● 
                  NaN days ago
                </div>
              </div>
            </div>
          </div>
        </div>
      </div>
    </div>
  </body>,
  "container": <div>
    <div
      class="video_grid"
      data-testid="video_grid"
    >
      <div
        class="video_preview"
      >
        <div
          class="video_image"
        >
          <img
            class="video_preview_image"
          />
          <div
            class="video_timestamp"
          >
            <span>
              8
              :
              17
            </span>
          </div>
        </div>
        <div
          class="video_info"
        >
          <div
            class="video_channel_logo"
          >
            CH
          </div>
          <div>
            <div
              class="video_info_title"
              title="title 1"
            />
            <div
              class="video_basic_info"
            >
              <div
                class="video_channel"
              >
                channel 1
              </div>
              <div
                class="video_view_time"
              >
                3
                k views ● 
                NaN days ago
              </div>
            </div>
          </div>
        </div>
      </div>
      <div
        class="video_preview"
      >
        <div
          class="video_image"
        >
          <img
            class="video_preview_image"
          />
          <div
            class="video_timestamp"
          >
            <span>
              8
              :
              17
            </span>
          </div>
        </div>
        <div
          class="video_info"
        >
          <div
            class="video_channel_logo"
          >
            CH
          </div>
          <div>
            <div
              class="video_info_title"
              title="title 2"
            />
            <div
              class="video_basic_info"
            >
              <div
                class="video_channel"
              >
                channel 2
              </div>
              <div
                class="video_view_time"
              >
                3
                k views ● 
                NaN days ago
              </div>
            </div>
          </div>
        </div>
      </div>
    </div>
  </div>,
  "debug": [Function],
  "findAllByAltText": [Function],
  "findAllByDisplayValue": [Function],
  "findAllByLabelText": [Function],
  "findAllByPlaceholderText": [Function],
  "findAllByRole": [Function],
  "findAllByTestId": [Function],
  "findAllByText": [Function],
  "findAllByTitle": [Function],
  "findByAltText": [Function],
  "findByDisplayValue": [Function],
  "findByLabelText": [Function],
  "findByPlaceholderText": [Function],
  "findByRole": [Function],
  "findByTestId": [Function],
  "findByText": [Function],
  "findByTitle": [Function],
  "getAllByAltText": [Function],
  "getAllByDisplayValue": [Function],
  "getAllByLabelText": [Function],
  "getAllByPlaceholderText": [Function],
  "getAllByRole": [Function],
  "getAllByTestId": [Function],
  "getAllByText": [Function],
  "getAllByTitle": [Function],
  "getByAltText": [Function],
  "getByDisplayValue": [Function],
  "getByLabelText": [Function],
  "getByPlaceholderText": [Function],
  "getByRole": [Function],
  "getByTestId": [Function],
  "getByText": [Function],
  "getByTitle": [Function],
  "queryAllByAltText": [Function],
  "queryAllByDisplayValue": [Function],
  "queryAllByLabelText": [Function],
  "queryAllByPlaceholderText": [Function],
  "queryAllByRole": [Function],
  "queryAllByTestId": [Function],
  "queryAllByText": [Function],
  "queryAllByTitle": [Function],
  "queryByAltText": [Function],
  "queryByDisplayValue": [Function],
  "queryByLabelText": [Function],
  "queryByPlaceholderText": [Function],
  "queryByRole": [Function],
  "queryByTestId": [Function],
  "queryByText": [Function],
  "queryByTitle": [Function],
  "rerender": [Function],
  "unmount": [Function],
}
`;
